============================================================
MAS v15.0 Enhanced Benchmark
============================================================

Task Summary:
  ARC-AGI-3: 5 tasks
  BBEH: 4 tasks
  HLE: 5 tasks
  IMO-ANSWER: 5 tasks
  SWE-Bench-Pro: 3 tasks
  MATH-500: 5 tasks
  GPQA-Diamond: 3 tasks
  OSWorld-Tool-Hard: 3 tasks
  ZeroBench: 3 tasks
  TOTAL: 36 tasks
Error in SWE-Bench-Pro: type object 'EnhancedSWEScorer' has no attribute 'FIX_INDATORS'
Error in SWE-Bench-Pro: type object 'EnhancedSWEScorer' has no attribute 'FIX_INDATORS'
Error in SWE-Bench-Pro: type object 'EnhancedSWEScorer' has no attribute 'FIX_INDATORS'


============================================================
MAS v15.0 Enhanced Report
============================================================
Overall Score: 0.6716
Best Gen: 15
Success Rate: 25/33 (75.8%)
------------------------------------------------------------
  ARC-AGI-3 (25%):    0.4000
  BBEH (20%):         0.9000
  HLE (15%):          1.0000
  IMO-ANSWER (15%):   0.7884
  SWE-Bench-Pro (10%): 0.0000
  MATH-500 (8%):      0.8600
  GPQA-Diamond (4%):  1.0000
  OSWorld-Tool-Hard (2%): 0.3000
  ZeroBench (1%):     0.8500
------------------------------------------------------------
Runtime: 1935.3s
============================================================


Saved to: /root/.openclaw/workspace-mas/benchmark_results_v15.json
