============================================================
MAS v19.0 - IMO Technique Focus
============================================================

Task Summary:
  ARC-AGI-3: 3 tasks
  BBEH: 4 tasks
  HLE: 5 tasks
  IMO-ANSWER: 5 tasks
  SWE-Bench-Pro: 3 tasks
  MATH-500: 5 tasks
  GPQA-Diamond: 3 tasks
  OSWorld-Tool-Hard: 3 tasks
  ZeroBench: 3 tasks
  TOTAL: 34 tasks
[ARC-AGI-3] 00576224: 0.00 (2.0s)
[ARC-AGI-3] 009d5c81: 0.87 (249.7s)
[ARC-AGI-3] 03560426: 0.77 (263.2s)
[BBEH] long_range_dependency: 1.00 (14.6s)
[BBEH] multi_step_inference: 1.00 (24.6s)
[BBEH] temporal_reasoning: 0.60 (30.1s)
[BBEH] negation_tracking: 1.00 (25.1s)
[HLE] legal_case_analysis: 1.00 (24.2s)
[HLE] medical_diagnosis: 1.00 (36.1s)
[HLE] financial_risk_assessment: 1.00 (26.3s)
[HLE] legal_contract_interpretation: 1.00 (18.2s)
[HLE] medical_treatment_selection: 1.00 (39.7s)
[IMO-ANSWER] number_theory_proof: 0.25 (0.7s)
[IMO-ANSWER] geometry_proof: 0.25 (182.3s)
[IMO-ANSWER] combinatorics_proof: 0.25 (92.6s)
