============================================================
MAS v21.0 - Balanced IMO + SWE
============================================================

Task Summary:
  ARC-AGI-3: 3 tasks
  BBEH: 4 tasks
  HLE: 5 tasks
  IMO-ANSWER: 5 tasks
  SWE-Bench-Pro: 3 tasks
  MATH-500: 5 tasks
  GPQA-Diamond: 3 tasks
  OSWorld-Tool-Hard: 3 tasks
  ZeroBench: 3 tasks
  TOTAL: 34 tasks
[ARC-AGI-3] 00576224: 1.00 (28.6s)
[ARC-AGI-3] 009d5c81: 0.87 (117.5s)
[ARC-AGI-3] 03560426: 0.78 (266.0s)
[BBEH] long_range_dependency: 1.00 (11.7s)
[BBEH] multi_step_inference: 1.00 (15.9s)
[BBEH] temporal_reasoning: 0.60 (11.8s)
[BBEH] negation_tracking: 1.00 (18.3s)
[HLE] legal_case_analysis: 1.00 (16.8s)
[HLE] medical_diagnosis: 1.00 (23.6s)
[HLE] financial_risk_assessment: 1.00 (14.6s)
[HLE] legal_contract_interpretation: 1.00 (9.3s)
[HLE] medical_treatment_selection: 1.00 (50.4s)
[IMO-ANSWER] number_theory_proof: 0.90 (76.2s)
[IMO-ANSWER] geometry_proof: 0.78 (74.2s)
[IMO-ANSWER] combinatorics_proof: 0.80 (73.8s)
[IMO-ANSWER] algebra_proof: 0.85 (61.2s)
[IMO-ANSWER] diophantine_equation: 0.70 (81.9s)
[SWE-Bench-Pro] django_queryset_fix: 0.95 (16.0s)
[SWE-Bench-Pro] react_state_update: 0.40 (60.3s)
[SWE-Bench-Pro] python_sort_stability: 0.60 (67.9s)
[MATH-500] algebra_easy: 1.00 (14.6s)
[MATH-500] calculus_medium: 1.00 (16.7s)
[MATH-500] combinatorics_hard: 0.30 (27.5s)
[MATH-500] number_theory_medium: 1.00 (28.6s)
[MATH-500] geometry_hard: 1.00 (26.8s)
[GPQA-Diamond] physical_chemistry: 1.00 (23.4s)
[GPQA-Diamond] quantum_mechanics: 1.00 (38.3s)
[GPQA-Diamond] organic_chemistry: 1.00 (41.6s)
[OSWorld-Tool-Hard] file_operations: 0.30 (5.8s)
[OSWorld-Tool-Hard] process_management: 0.30 (15.0s)
[OSWorld-Tool-Hard] network_config: 0.30 (9.6s)
[ZeroBench] cross_domain_legal_tech: 0.90 (71.1s)
[ZeroBench] cross_domain_medical_ai: 0.95 (66.4s)
[ZeroBench] cross_domain_climate_econ: 0.90 (66.5s)

================================================================================
MAS v21.0 - Balanced IMO + SWE
================================================================================
Runtime: 1548.0s (25.8 min)
Tasks: 34 | Success: 27 (79.4%)

SCORES:
  ARC-AGI-3:        0.882
  BBEH:             0.900
  HLE:              1.000
  IMO-ANSWER:       0.805
  SWE-Bench-Pro:    0.650
  MATH-500:         0.860
  GPQA-Diamond:     1.000
  OSWorld-Tool-Hard:0.300
  ZeroBench:        0.917

OVERALL: 0.8603
================================================================================


Saved to: /root/.openclaw/workspace-mas/benchmark_results_v21.json
