============================================================
MAS v24.0 - Multi-Agent Supervisor (New Paradigm)
============================================================

Task Summary:
  ARC-AGI-3: 3 tasks
  BBEH: 4 tasks
  HLE: 5 tasks
  IMO-ANSWER: 5 tasks
  SWE-Bench-Pro: 3 tasks
  MATH-500: 5 tasks
  GPQA-Diamond: 3 tasks
  OSWorld-Tool-Hard: 3 tasks
  ZeroBench: 3 tasks
  TOTAL: 34 tasks
[ARC-AGI-3] 00576224 -> ARC-Agent-v3: 0.67 (45.5s)
[ARC-AGI-3] 009d5c81 -> ARC-Agent-v3: 0.00 (364.7s)
[ARC-AGI-3] 03560426 -> ARC-Agent-v3: 0.73 (158.3s)
[BBEH] long_range_dependency -> BBEH-Agent-v3: 1.00 (16.2s)
[BBEH] multi_step_inference -> BBEH-Agent-v3: 1.00 (19.0s)
[BBEH] temporal_reasoning -> BBEH-Agent-v3: 0.60 (29.8s)
[BBEH] negation_tracking -> BBEH-Agent-v3: 1.00 (24.3s)
[HLE] legal_case_analysis -> HLE-Agent-v3: 1.00 (27.9s)
[HLE] medical_diagnosis -> HLE-Agent-v3: 1.00 (25.6s)
[HLE] financial_risk_assessment -> HLE-Agent-v3: 1.00 (22.1s)
[HLE] legal_contract_interpreta -> HLE-Agent-v3: 1.00 (16.6s)
[HLE] medical_treatment_selecti -> HLE-Agent-v3: 1.00 (47.2s)
[IMO-ANSWER] number_theory_proof -> AgentA-IMO: 0.85 (860.4s)
[IMO-ANSWER] geometry_proof -> AgentA-IMO: 0.25 (1045.3s)
