============================================================
MAS v19.0 - IMO Technique Focus
============================================================

Task Summary:
  ARC-AGI-3: 3 tasks
  BBEH: 4 tasks
  HLE: 5 tasks
  IMO-ANSWER: 5 tasks
  SWE-Bench-Pro: 3 tasks
  MATH-500: 5 tasks
  GPQA-Diamond: 3 tasks
  OSWorld-Tool-Hard: 3 tasks
  ZeroBench: 3 tasks
  TOTAL: 34 tasks
[ARC-AGI-3] 00576224: 1.00 (24.0s)
[ARC-AGI-3] 009d5c81: 0.00 (352.1s)
[ARC-AGI-3] 03560426: 0.74 (232.1s)
[BBEH] long_range_dependency: 1.00 (27.3s)
[BBEH] multi_step_inference: 1.00 (28.9s)
[BBEH] temporal_reasoning: 0.60 (49.9s)
[BBEH] negation_tracking: 1.00 (44.6s)
[HLE] legal_case_analysis: 1.00 (36.6s)
[HLE] medical_diagnosis: 1.00 (21.3s)
[HLE] financial_risk_assessment: 1.00 (29.3s)
[HLE] legal_contract_interpretation: 1.00 (15.5s)
[HLE] medical_treatment_selection: 1.00 (46.1s)
[IMO-ANSWER] number_theory_proof: 0.25 (182.3s)
[IMO-ANSWER] geometry_proof: 0.25 (0.7s)
[IMO-ANSWER] combinatorics_proof: 0.67 (85.5s)
[IMO-ANSWER] algebra_proof: 1.00 (90.0s)
[IMO-ANSWER] diophantine_equation: 0.25 (182.3s)
[SWE-Bench-Pro] django_queryset_fix: 0.95 (17.2s)
[SWE-Bench-Pro] react_state_update: 0.55 (37.1s)
[SWE-Bench-Pro] python_sort_stability: 0.95 (42.6s)
[MATH-500] algebra_easy: 1.00 (19.5s)
[MATH-500] calculus_medium: 1.00 (25.0s)
[MATH-500] combinatorics_hard: 0.30 (35.9s)
[MATH-500] number_theory_medium: 1.00 (28.8s)
[MATH-500] geometry_hard: 1.00 (36.9s)
[GPQA-Diamond] physical_chemistry: 1.00 (28.0s)
[GPQA-Diamond] quantum_mechanics: 1.00 (51.3s)
[GPQA-Diamond] organic_chemistry: 0.30 (0.8s)
[OSWorld-Tool-Hard] file_operations: 0.30 (11.1s)
[OSWorld-Tool-Hard] process_management: 0.30 (0.7s)
[OSWorld-Tool-Hard] network_config: 0.30 (0.9s)
[ZeroBench] cross_domain_legal_tech: 0.96 (88.5s)
[ZeroBench] cross_domain_medical_ai: 0.85 (79.6s)
[ZeroBench] cross_domain_climate_econ: 0.20 (0.4s)

================================================================================
MAS v19.0 - IMO Technique Focus
================================================================================
Runtime: 1953.0s (32.5 min)
Tasks: 34 | Success: 21 (61.8%)

SCORES:
  ARC-AGI-3:        0.580
  BBEH:             0.900
  HLE:              1.000
  IMO-ANSWER:       0.484  <- Focus
  SWE-Bench-Pro:    0.817
  MATH-500:         0.860
  GPQA-Diamond:     0.767
  OSWorld-Tool-Hard:0.300
  ZeroBench:        0.670

OVERALL: 0.7414
================================================================================


Saved to: /root/.openclaw/workspace-mas/benchmark_results_v19.json
